...[2026. 9. 29. 오후 11:59:05] [유저입장] 손님6015(guest__AkLVGn6jXsRe6iYsxVZMkXYHvByzKwBp, IP: ::1) (현재 1명)
[2026. 9. 29. 오후 11:59:29] [방생성] 100번 방: 손님6015냥의 방이다냥
[2026. 9. 29. 오후 11:59:29] [방입장] 손님6015 → 100번 방
[2026. 9. 29. 오후 11:59:33] [게임시작] 1100번 방
[2026. 9. 29. 오후 11:59:36] [채팅|100번 방] 손님6015: asdf
[2026. 9. 29. 오후 11:59:37] [채팅|100번 방] 손님6015: ㅅㅂ
[2026. 9. 29. 오후 11:59:43] [채팅|100번 방] 손님6015: 시발
[2026. 9. 29. 오후 11:59:44] [퀴즈라운드종료] 1100번 방 (1/5) 정답: 기점 | 맞힘: 손님6015 | 못맞힘: [object Object]
[2026. 9. 29. 오후 11:59:44] [채팅|100번 방] 손님6015: 시발
[2026. 9. 29. 오후 11:59:55] [퀴즈라운드종료] 1100번 방 (2/5) 정답: 트러플 | 못맞힘: [object Object], 손님6015
[2026. 9. 30. 오전 12:00:06] [퀴즈라운드종료] 1100번 방 (3/5) 정답: 주석산 | 못맞힘: [object Object], 손님6015
[2026. 9. 30. 오전 12:00:17] [퀴즈라운드종료] 1100번 방 (4/5) 정답: 고무 | 못맞힘: [object Object], 손님6015
[2026. 9. 30. 오전 12:00:25] [채팅|100번 방] 손님6015: 마이ㅓㄴ
[2026. 9. 30. 오전 12:00:25] [채팅|100번 방] 손님6015: ㅁ
[2026. 9. 30. 오전 12:00:26] [채팅|100번 방] 손님6015: ㅁ
[2026. 9. 30. 오전 12:00:27] [채팅|100번 방] 손님6015: 마이마이
[2026. 9. 30. 오전 12:00:28] [퀴즈라운드종료] 1100번 방 (5/5) 정답: 마이너 | 맞힘: 손님6015 | 못맞힘: [object Object]
[2026. 9. 30. 오전 12:00:28] [채팅|100번 방] 손님6015: 마이너
[2026. 9. 30. 오전 12:00:30] [게임종료] 1100번 방 1위 손님6015: 331점, 2위 guest__AkLVGn6jXsRe6iYsxVZMkXYHvByzKwBp1100584870452(봇): 0점
[2026. 9. 30. 오전 12:00:31] [채팅|100번 방] 손님6015: 마이마이하고싶다
[2026. 9. 30. 오전 12:00:36] [채팅|100번 방] 손님6015: 탁탁타타탁탁
[2026. 9. 30. 오전 12:00:43] [채팅|100번 방] 손님6015: 장갑없어서
[2026. 9. 30. 오전 12:00:46] [채팅|100번 방] 손님6015: 존나눔치보였던게임
[2026. 9. 30. 오전 12:00:46] [채팅|100번 방] 손님6015: 근데
[2026. 9. 30. 오전 12:00:50] [채팅|100번 방] 손님6015: 실제로장갑없음녀
[2026. 9. 30. 오전 12:00:51] [채팅|100번 방] 손님6015: 뒤진다며
[2026. 9. 30. 오전 12:00:52] [채팅|100번 방] 손님6015: >
[2026. 9. 30. 오전 12:01:56] [유저퇴장] 손님6015(guest__AkLVGn6jXsRe6iYsxVZMkXYHvByzKwBp, IP: ::1) (현재 0명)
[2026. 9. 30. 오전 12:01:56] [방퇴장] 손님6015 ← 100번 방 (disconnect)
[2026. 9. 30. 오전 12:01:57] [유저입장] 손님6015(guest__AkLVGn6jXsRe6iYsxVZMkXYHvByzKwBp, IP: ::1) (현재 1명)
[2026. 9. 30. 오전 12:02:51] [유저퇴장] 손님6015(guest__AkLVGn6jXsRe6iYsxVZMkXYHvByzKwBp, IP: ::1) (현재 0명)
[2026. 9. 30. 오전 12:02:52] [유저입장] 손님6015(guest__AkLVGn6jXsRe6iYsxVZMkXYHvByzKwBp, IP: ::1) (현재 1명)
[2026. 9. 30. 오전 12:03:11] [방생성] 101번 방: 손님6015냥의 방이다냥
[2026. 9. 30. 오전 12:03:11] [방입장] 손님6015 → 101번 방
[2026. 9. 30. 오전 12:03:16] [게임시작] 1101번 방
[2026. 9. 30. 오전 12:03:19] [채팅|101번 방] 손님6015: ㅁㄴㅇㄹ
[2026. 9. 30. 오전 12:03:27] [퀴즈라운드종료] 1101번 방 (1/5) 정답: 0 | 맞힘: 손님6015 | 못맞힘: [object Object]
[2026. 9. 30. 오전 12:03:38] [퀴즈라운드종료] 1101번 방 (2/5) 정답: 트로이전쟁 | 못맞힘: [object Object], 손님6015
[2026. 9. 30. 오전 12:03:48] [퀴즈라운드종료] 1101번 방 (3/5) 정답: 차량기지 | 못맞힘: [object Object], 손님6015
[2026. 9. 30. 오전 12:03:59] [퀴즈라운드종료] 1101번 방 (4/5) 정답: 피카소 | 못맞힘: [object Object], 손님6015
[2026. 9. 30. 오전 12:04:10] [채팅|101번 방] 손님6015: 아임카
[2026. 9. 30. 오전 12:04:10] [퀴즈라운드종료] 1101번 방 (5/5) 정답: 카톡 | 못맞힘: [object Object], 손님6015
[2026. 9. 30. 오전 12:04:13] [게임종료] 1101번 방 1위 손님6015: 103점, 2위 guest__AkLVGn6jXsRe6iYsxVZMkXYHvByzKwBp1101705029322(봇): 0점
[2026. 9. 30. 오전 12:04:13] [채팅|101번 방] 손님6015: 시발
[2026. 9. 30. 오전 12:04:15] [채팅|101번 방] 손님6015: 뭔데
[2026. 9. 30. 오전 12:04:19] [게임시작] 1101번 방
[2026. 9. 30. 오전 12:04:30] [퀴즈라운드종료] 1101번 방 (1/5) 정답: 에탄올 | 맞힘: 손님6015 | 못맞힘: [object Object]
[2026. 9. 30. 오전 12:04:40] [채팅|101번 방] 손님6015: 야르ㅑ
[2026. 9. 30. 오전 12:04:41] [퀴즈라운드종료] 1101번 방 (2/5) 정답: 해왕성 | 맞힘: 손님6015 | 못맞힘: [object Object]
[2026. 9. 30. 오전 12:04:42] [채팅|101번 방] 손님6015: 명왕성이라하면ㅂ
[2026. 9. 30. 오전 12:04:45] [채팅|101번 방] 손님6015: 바보
[2026. 9. 30. 오전 12:04:47] [채팅|101번 방] 손님6015: 45
[2026. 9. 30. 오전 12:04:48] [채팅|101번 방] 손님6015: 192
[2026. 9. 30. 오전 12:04:48] [채팅|101번 방] 손님6015: 197
[2026. 9. 30. 오전 12:04:49] [채팅|101번 방] 손님6015: 198
[2026. 9. 30. 오전 12:04:50] [채팅|101번 방] 손님6015: 196
[2026. 9. 30. 오전 12:04:50] [채팅|101번 방] 손님6015: 195
[2026. 9. 30. 오전 12:04:51] [채팅|101번 방] 손님6015: 194
[2026. 9. 30. 오전 12:04:51] [퀴즈라운드종료] 1101번 방 (3/5) 정답: 193 | 못맞힘: [object Object], 손님6015
[2026. 9. 30. 오전 12:04:52] [채팅|101번 방] 손님6015: 202
[2026. 9. 30. 오전 12:05:02] [퀴즈라운드종료] 1101번 방 (4/5) 정답: 군고구마 | 맞힘: 손님6015 | 못맞힘: [object Object]
[2026. 9. 30. 오전 12:05:12] [채팅|101번 방] 손님6015: 아
[2026. 9. 30. 오전 12:05:13] [채팅|101번 방] 손님6015: 마섵
[2026. 9. 30. 오전 12:05:13] [퀴즈라운드종료] 1101번 방 (5/5) 정답: 마스터 | 못맞힘: [object Object], 손님6015
[2026. 9. 30. 오전 12:05:14] [채팅|101번 방] 손님6015: 마스터
[2026. 9. 30. 오전 12:05:14] [채팅|101번 방] 손님6015: 아
[2026. 9. 30. 오전 12:05:15] [채팅|101번 방] 손님6015: 아
[2026. 9. 30. 오전 12:05:16] [게임종료] 1101번 방 1위 손님6015: 300점, 2위 guest__AkLVGn6jXsRe6iYsxVZMkXYHvByzKwBp1101954682511(봇): 0점
[2026. 9. 30. 오전 12:05:16] [채팅|101번 방] 손님6015: 알았는데
[2026. 9. 30. 오전 12:05:18] [채팅|101번 방] 손님6015: 얘
[2026. 9. 30. 오전 12:05:20] [채팅|101번 방] 손님6015: 커피숍
[2026. 9. 30. 오전 12:05:21] [채팅|101번 방] 손님6015: 계잖아
[2026. 9. 30. 오전 12:05:47] [게임시작] 1101번 방
[2026. 9. 30. 오전 12:05:57] [퀴즈라운드종료] 1101번 방 (1/5) 정답: 탈피 | 맞힘: 손님6015 | 못맞힘: [object Object]
[2026. 9. 30. 오전 12:06:24] [게임시작] 1101번 방
[2026. 9. 30. 오전 12:06:35] [퀴즈라운드종료] 1101번 방 (1/5) 정답: 데미글라스 | 못맞힘: [object Object], 손님6015
[2026. 9. 30. 오전 12:06:46] [퀴즈라운드종료] 1101번 방 (2/5) 정답: 수채화 | 못맞힘: [object Object], 손님6015
[2026. 9. 30. 오전 12:06:57] [퀴즈라운드종료] 1101번 방 (3/5) 정답: 케라틴 | 못맞힘: [object Object], 손님6015
[2026. 9. 30. 오전 12:07:08] [퀴즈라운드종료] 1101번 방 (4/5) 정답: 경부선 | 못맞힘: [object Object], 손님6015
[2026. 9. 30. 오전 12:07:17] [채팅|101번 방] 손님6015: 야르
[2026. 9. 30. 오전 12:07:18] [퀴즈라운드종료] 1101번 방 (5/5) 정답: 배철수 | 맞힘: 손님6015 | 못맞힘: [object Object]
[2026. 9. 30. 오전 12:07:21] [게임종료] 1101번 방 1위 손님6015: 135점, 2위 guest__AkLVGn6jXsRe6iYsxVZMkXYHvByzKwBp1101525023209(봇): 0점
[2026. 9. 30. 오전 12:10:27] [유저퇴장] 손님6015(guest__AkLVGn6jXsRe6iYsxVZMkXYHvByzKwBp, IP: ::1) (현재 0명)
[2026. 9. 30. 오전 12:10:27] [방퇴장] 손님6015 ← 101번 방 (disconnect)
[2026. 9. 30. 오전 12:10:29] [유저입장] 손님6015(guest__AkLVGn6jXsRe6iYsxVZMkXYHvByzKwBp, IP: ::1) (현재 1명)
[2026. 9. 30. 오전 12:10:47] [방생성] 102번 방: 손님6015냥의 방이다냥
[2026. 9. 30. 오전 12:10:47] [방입장] 손님6015 → 102번 방
[2026. 9. 30. 오전 12:10:51] [게임시작] 1102번 방
[2026. 9. 30. 오전 12:10:52] [채팅|102번 방] 손님6015: ㄱ
[2026. 9. 30. 오전 12:10:58] [채팅|102번 방] 손님6015: 시발
[2026. 9. 30. 오전 12:10:59] [채팅|102번 방] 손님6015: 어케알아
[2026. 9. 30. 오전 12:11:00] [채팅|102번 방] 손님6015: 몬스
[2026. 9. 30. 오전 12:11:01] [퀴즈라운드종료] 1102번 방 (1/5) 정답: 헌터즈길드 | 못맞힘: [object Object] | 포기: 손님6015
[2026. 9. 30. 오전 12:11:10] [채팅|102번 방] 손님6015: ㅇ랴ㅡ
[2026. 9. 30. 오전 12:11:12] [퀴즈라운드종료] 1102번 방 (2/5) 정답: 서울시립대 | 맞힘: 손님6015 | 못맞힘: [object Object]
[2026. 9. 30. 오전 12:11:13] [채팅|102번 방] 손님6015: 이건족보죠그쵸?
[2026. 9. 30. 오전 12:11:20] [채팅|102번 방] 손님6015: 1995
[2026. 9. 30. 오전 12:11:23] [퀴즈라운드종료] 1102번 방 (3/5) 정답: 1901 | 못맞힘: [object Object], 손님6015
[2026. 9. 30. 오전 12:11:23] [채팅|102번 방] 손님6015: 1645
[2026. 9. 30. 오전 12:11:25] [채팅|102번 방] 손님6015: ㅆㅂ
[2026. 9. 30. 오전 12:11:31] [채팅|102번 방] 손님6015: 모이주머니
[2026. 9. 30. 오전 12:11:34] [퀴즈라운드종료] 1102번 방 (4/5) 정답: 모래주머니 | 맞힘: 손님6015 | 못맞힘: [object Object]
[2026. 9. 30. 오전 12:11:42] [채팅|102번 방] 손님6015: 에텐
[2026. 9. 30. 오전 12:11:44] [채팅|102번 방] 손님6015: ㅋ
[2026. 9. 30. 오전 12:11:45] [퀴즈라운드종료] 1102번 방 (5/5) 정답: 알카인 | 못맞힘: [object Object], 손님6015
[2026. 9. 30. 오전 12:11:46] [채팅|102번 방] 손님6015: 알케인
[2026. 9. 30. 오전 12:11:48] [게임종료] 1102번 방 1위 손님6015: 319점, 2위 guest__AkLVGn6jXsRe6iYsxVZMkXYHvByzKwBp1102161026050(봇): 0점
[2026. 9. 30. 오전 12:11:54] [유저퇴장] 손님6015(guest__AkLVGn6jXsRe6iYsxVZMkXYHvByzKwBp, IP: ::1) (현재 0명)
[2026. 9. 30. 오전 12:11:54] [방퇴장] 손님6015 ← 102번 방 (disconnect)
[2026. 9. 30. 오전 12:11:55] [유저입장] 손님6015(guest__AkLVGn6jXsRe6iYsxVZMkXYHvByzKwBp, IP: ::1) (현재 1명)
[2026. 9. 30. 오전 12:12:07] [방생성] 103번 방: 손님6015냥의 방이다냥
[2026. 9. 30. 오전 12:12:07] [방입장] 손님6015 → 103번 방
[2026. 9. 30. 오전 12:12:12] [게임시작] 1103번 방
[2026. 9. 30. 오전 12:12:17] [채팅|103번 방] 손님6015: ㄱㄱㄱ
[2026. 9. 30. 오전 12:12:20] [채팅|103번 방] 손님6015: 아
[2026. 9. 30. 오전 12:12:21] [채팅|103번 방] 손님6015: 아
[2026. 9. 30. 오전 12:12:21] [채팅|103번 방] 손님6015: 시발
[2026. 9. 30. 오전 12:12:23] [퀴즈라운드종료] 1103번 방 (1/5) 정답: 에이블시스터즈 | 못맞힘: [object Object], 손님6015
[2026. 9. 30. 오전 12:12:33] [채팅|103번 방] 손님6015: ㅂㅂ\ㅈ
[2026. 9. 30. 오전 12:12:34] [퀴즈라운드종료] 1103번 방 (2/5) 정답: 시리 | 못맞힘: [object Object], 손님6015
[2026. 9. 30. 오전 12:12:34] [채팅|103번 방] 손님6015: ㅈㅈ
[2026. 9. 30. 오전 12:12:35] [채팅|103번 방] 손님6015: ㅅㅂ
[2026. 9. 30. 오전 12:12:35] [채팅|103번 방] 손님6015: ㅅㅂ
[2026. 9. 30. 오전 12:12:35] [채팅|103번 방] 손님6015: ㅅㅂ
[2026. 9. 30. 오전 12:12:35] [채팅|103번 방] 손님6015: ㅅㅄㅂ
[2026. 9. 30. 오전 12:12:36] [채팅|103번 방] 손님6015: ㅅ
[2026. 9. 30. 오전 12:12:36] [채팅|103번 방] 손님6015: ㅄ
[2026. 9. 30. 오전 12:12:37] [채팅|103번 방] 손님6015: ㅄ
[2026. 9. 30. 오전 12:12:37] [채팅|103번 방] 손님6015: ㅄ
[2026. 9. 30. 오전 12:12:37] [채팅|103번 방] 손님6015: ㅄ
[2026. 9. 30. 오전 12:12:38] [채팅|103번 방] 손님6015: ㅄ
[2026. 9. 30. 오전 12:12:38] [채팅|103번 방] 손님6015: ㅄ
[2026. 9. 30. 오전 12:12:38] [채팅|103번 방] 손님6015: ㅄ
[2026. 9. 30. 오전 12:12:38] [채팅|103번 방] 손님6015: ㅄ
[2026. 9. 30. 오전 12:12:39] [채팅|103번 방] 손님6015: ㅅㅂ
[2026. 9. 30. 오전 12:12:39] [유저퇴장] 손님6015(guest__AkLVGn6jXsRe6iYsxVZMkXYHvByzKwBp, IP: ::1) (현재 0명)
[2026. 9. 30. 오전 12:12:39] [방퇴장] 손님6015 ← 103번 방 (spam)
[2026. 9. 30. 오전 12:31:56] [유저입장] 손님6015(guest__AkLVGn6jXsRe6iYsxVZMkXYHvByzKwBp, IP: ::1) (현재 1명)
[2026. 9. 30. 오전 12:32:10] [방생성] 100번 방: 손님6015냥의 방이다냥
[2026. 9. 30. 오전 12:32:10] [방입장] 손님6015 → 100번 방
[2026. 9. 30. 오전 12:32:30] [게임시작] 100번 방
[2026. 9. 30. 오전 12:32:52] [채팅|100번 방] 손님6015: 와!
[2026. 9. 30. 오전 12:32:54] [채팅|100번 방] 손님6015: 신문물!
[2026. 9. 30. 오전 12:33:54] [채팅|100번 방] 손님6015: 헐
[2026. 9. 30. 오전 12:33:55] [라운드종료] 100번 방 (1/1) 가불의위기: 아까데미즘 > 내이름은가난돈이없죠: 즘검다리 > 우리아이가갈라졌어요: 이온교환크로마토그라프법 > 우리집강아지는몹쓸강아지: 법계단설 > 손님6015: 설설 > 내이름은조난당했죠: 설한령 > 순데될라: 령구 > 신밧드의보험: 구부렁이 > 헬리콥터와마법사의똥: 이분소리표 > 동생방신기: 표결권 > 피자헛둘셋넷: 권응창 > 빨간망또라이: 창세기 > 박수칠때손아파: 기얌 > 피구왕한무: 얌심데기 > 일 동안 끄투중: 기볼개 > 우리집강아지는몹쓸강아지: 개목털벌레 > 배숙희나빈손: 레핀 > 티끌모아파산: 핀홀카메라 > 레몬나르고빚갚으리오: 라이트아트 > 하도깝쳐체리 입력 실패
[2026. 9. 30. 오전 12:33:55] [게임종료] 100번 방 1위 우리집강아지는몹쓸강아지(봇): 47점, 2위 일 동안 끄투중(봇): 45점, 3위 피구왕한무(봇): 43점, 4위 배숙희나빈손(봇): 42점, 5위 티끌모아파산(봇): 41점, 5위 레몬나르고빚갚으리오(봇): 41점, 7위 헬리콥터와마법사의똥(봇): 40점, 7위 빨간망또라이(봇): 40점, 9위 우리아이가갈라졌어요(봇): 39점, 9위 박수칠때손아파(봇): 39점, 11위 피자헛둘셋넷(봇): 38점, 12위 신밧드의보험(봇): 36점, 12위 동생방신기(봇): 36점, 14위 우리집강아지는몹쓸강아지(봇): 29점, 14위 내이름은조난당했죠(봇): 29점, 16위 순데될라(봇): 28점, 17위 가불의위기(봇): 26점, 17위 내이름은가난돈이없죠(봇): 26점, 19위 손님6015: 23점, 20위 끄투가좋아(봇): 0점, 20위 슈크림도어가열립니다(봇): 0점, 20위 버뮤다삼각팬티(봇): 0점, 20위 가문의영광굴비(봇): 0점, 24위 하도깝쳐체리(봇): -67점
[2026. 9. 30. 오전 12:34:04] [방설정변경] 100번 방: 손님6015냥의 방이다냥
[2026. 9. 30. 오전 12:34:06] [게임시작] 100번 방
[2026. 9. 30. 오전 12:34:22] [채팅|100번 방] [봇]박수칠때손아파: 굿밤
[2026. 9. 30. 오전 12:34:22] [채팅|100번 방] [봇]가문의영광굴비: 움칠
[2026. 9. 30. 오전 12:34:31] [유저퇴장] 손님6015(guest__AkLVGn6jXsRe6iYsxVZMkXYHvByzKwBp, IP: ::1) (현재 0명)
[2026. 9. 30. 오전 12:34:31] [방퇴장] 손님6015 ← 100번 방 (disconnect)
[2026. 9. 30. 오전 12:34:32] [유저입장] 손님6015(guest__AkLVGn6jXsRe6iYsxVZMkXYHvByzKwBp, IP: ::1) (현재 1명)
[2026. 9. 30. 오전 12:34:43] [방생성] 101번 방: 손님6015냥의 방이다냥
[2026. 9. 30. 오전 12:34:43] [방입장] 손님6015 → 101번 방
[2026. 9. 30. 오전 12:34:49] [방설정변경] 101번 방: 손님6015냥의 방이다냥
[2026. 9. 30. 오전 12:34:59] [게임시작] 101번 방
[2026. 9. 30. 오전 12:35:10] [채팅|101번 방] 손님6015: 와!
[2026. 9. 30. 오전 12:35:12] [채팅|101번 방] 손님6015: 신문물 미쳤다
[2026. 9. 30. 오전 12:36:17] [라운드종료] 101번 방 (1/5) 소리없는정우성: 파라다이클로로벤젠 > 벼량위의포효: 젠노리 > 헨젤와그랬대: 이봐 > 털민웨이터: 봐하니 > 독수리오년째: 니나놋집 > 숙취엔견디셔: 집단추림육종법 > 레미콘아파트: 법원행정처 > 쌓이면돈이니: 처량 > 벼량위의포효: 량짝 > 원조 끄투 봇: 짝갈이 > 내이름은가난돈이없죠: 이혹 > 그놈은맛있었다: 혹애기집파리 > 더블에스오지명: 이요 > 내자랑4가지: 요물단지 > 킴가산디지털단지: 지팡 > 레몬나르고빚갚으리오: 팡돌 > 플란다스의개팥들었슈: 돌숫 > 나는난방고양이: 숫저귀 > 손님6015 입력 실패
[2026. 9. 30. 오전 12:36:33] [라운드종료] 101번 방 (2/5) 손님6015 입력 실패
[2026. 9. 30. 오전 12:36:36] [채팅|101번 방] 손님6015: ㅁㄴㅇㄹ?
[2026. 9. 30. 오전 12:36:42] [채팅|101번 방] 손님6015: 서러마
[2026. 9. 30. 오전 12:36:42] [채팅|101번 방] 손님6015: 뭔
[2026. 9. 30. 오전 12:36:43] [채팅|101번 방] 손님6015: 씨발
[2026. 9. 30. 오전 12:36:44] [채팅|101번 방] 손님6015: 이게씬야
[2026. 9. 30. 오전 12:36:53] [채팅|101번 방] 손님6015: ㅁㅊ
[2026. 9. 30. 오전 12:36:54] [채팅|101번 방] 손님6015: ㅁㅊㅁㅊㅁㅊㅁㅊ
[2026. 9. 30. 오전 12:37:02] [라운드종료] 101번 방 (3/5) 손님6015: 꽃무늬 > 뇌출혈씨티: 늬나노 > 전이만갑오개혁: 노벨륨 > 태조샷건 입력 실패
[2026. 9. 30. 오전 12:37:34] [라운드종료] 101번 방 (4/5) 태조샷건: 수방정식 > 피구왕한무: 식열 > 짱구는옷말려: 열린마디 > 소리없는정우성: 디디뮴 > 벼량위의포효 입력 실패
[2026. 9. 30. 오전 12:38:44] [유저퇴장] 손님6015(guest__AkLVGn6jXsRe6iYsxVZMkXYHvByzKwBp, IP: ::1) (현재 0명)
[2026. 9. 30. 오전 12:38:44] [방퇴장] 손님6015 ← 101번 방 (disconnect)
[2026. 9. 30. 오전 12:38:45] [유저입장] 손님6015(guest__AkLVGn6jXsRe6iYsxVZMkXYHvByzKwBp, IP: ::1) (현재 1명)
[2026. 9. 30. 오전 12:38:55] [방생성] 102번 방: 손님6015냥의 방이다냥
[2026. 9. 30. 오전 12:38:55] [방입장] 손님6015 → 102번 방
[2026. 9. 30. 오전 12:39:00] [방설정변경] 102번 방: 손님6015냥의 방이다냥
[2026. 9. 30. 오전 12:39:15] [게임시작] 102번 방
[2026. 9. 30. 오전 12:39:19] [채팅|102번 방] 손님6015: ㄱㄱㄱㄱ
[2026. 9. 30. 오전 12:39:28] [채팅|102번 방] 손님6015: 랜덤이라면요
[2026. 9. 30. 오전 12:39:30] [채팅|102번 방] 손님6015: 어후
[2026. 9. 30. 오전 12:39:31] [채팅|102번 방] 손님6015: 저게뭐람
[2026. 9. 30. 오전 12:40:08] [방삭제] 102번 방
[2026. 9. 30. 오전 12:40:08] [방퇴장] 손님6015 ← 102번 방 (normal)
[2026. 9. 30. 오전 12:40:10] [방생성] 103번 방: 손님6015냥의 방이다냥
[2026. 9. 30. 오전 12:40:10] [방입장] 손님6015 → 103번 방
[2026. 9. 30. 오전 12:40:18] [방설정변경] 103번 방: 손님6015냥의 방이다냥
[2026. 9. 30. 오전 12:40:26] [게임시작] 103번 방
[2026. 9. 30. 오전 12:40:46] [채팅|103번 방] 손님6015: 와!
[2026. 9. 30. 오전 12:40:48] [채팅|103번 방] 손님6015: 신문물!
[2026. 9. 30. 오전 12:41:10] [방삭제] 103번 방
[2026. 9. 30. 오전 12:41:10] [방퇴장] 손님6015 ← 103번 방 (normal)
[2026. 9. 30. 오전 12:41:14] [유저퇴장] 손님6015(guest__AkLVGn6jXsRe6iYsxVZMkXYHvByzKwBp, IP: ::1) (현재 0명)
[2026. 9. 30. 오전 12:41:15] [유저입장] 손님6015(guest__AkLVGn6jXsRe6iYsxVZMkXYHvByzKwBp, IP: ::1) (현재 1명)
[2026. 9. 30. 오전 12:41:31] [방생성] 104번 방: 손님6015님의 방
[2026. 9. 30. 오전 12:41:31] [방입장] 손님6015 → 104번 방
[2026. 9. 30. 오전 12:41:39] [게임시작] 104번 방
[2026. 9. 30. 오전 12:42:14] [방삭제] 104번 방
[2026. 9. 30. 오전 12:42:14] [방퇴장] 손님6015 ← 104번 방 (normal)
[2026. 9. 30. 오전 12:43:42] [유저퇴장] 손님6015(guest__AkLVGn6jXsRe6iYsxVZMkXYHvByzKwBp, IP: ::1) (현재 0명)
[2026. 9. 30. 오전 12:43:43] [유저입장] 손님6015(guest__AkLVGn6jXsRe6iYsxVZMkXYHvByzKwBp, IP: ::1) (현재 1명)
[2026. 9. 30. 오전 12:44:00] [유저퇴장] 손님6015(guest__AkLVGn6jXsRe6iYsxVZMkXYHvByzKwBp, IP: ::1) (현재 0명)
[2026. 9. 30. 오전 12:44:01] [유저입장] 손님6015(guest__AkLVGn6jXsRe6iYsxVZMkXYHvByzKwBp, IP: ::1) (현재 1명)
[2026. 9. 30. 오전 12:44:16] [유저퇴장] 손님6015(guest__AkLVGn6jXsRe6iYsxVZMkXYHvByzKwBp, IP: ::1) (현재 0명)
[2026. 9. 30. 오전 12:44:17] [유저입장] 손님6015(guest__AkLVGn6jXsRe6iYsxVZMkXYHvByzKwBp, IP: ::1) (현재 1명)
[2026. 9. 30. 오전 12:44:27] [유저퇴장] 손님6015(guest__AkLVGn6jXsRe6iYsxVZMkXYHvByzKwBp, IP: ::1) (현재 0명)
[2026. 9. 30. 오전 12:44:28] [유저입장] 손님6015(guest__AkLVGn6jXsRe6iYsxVZMkXYHvByzKwBp, IP: ::1) (현재 1명)
[2026. 9. 30. 오전 12:44:57] [유저퇴장] 손님6015(guest__AkLVGn6jXsRe6iYsxVZMkXYHvByzKwBp, IP: ::1) (현재 0명)
[2026. 9. 30. 오전 12:44:59] [유저입장] 손님6015(guest__AkLVGn6jXsRe6iYsxVZMkXYHvByzKwBp, IP: ::1) (현재 1명)
[2026. 9. 30. 오전 12:45:22] [유저퇴장] 손님6015(guest__AkLVGn6jXsRe6iYsxVZMkXYHvByzKwBp, IP: ::1) (현재 0명)
[2026. 9. 30. 오전 12:45:23] [유저입장] 손님6015(guest__AkLVGn6jXsRe6iYsxVZMkXYHvByzKwBp, IP: ::1) (현재 1명)
[2026. 9. 30. 오전 12:46:50] [유저퇴장] 손님6015(guest__AkLVGn6jXsRe6iYsxVZMkXYHvByzKwBp, IP: ::1) (현재 0명)
[2026. 9. 30. 오전 12:46:51] [유저입장] 손님6015(guest__AkLVGn6jXsRe6iYsxVZMkXYHvByzKwBp, IP: ::1) (현재 1명)
[2026. 9. 30. 오전 12:48:05] [유저퇴장] 손님6015(guest__AkLVGn6jXsRe6iYsxVZMkXYHvByzKwBp, IP: ::1) (현재 0명)
[2026. 9. 30. 오전 12:48:06] [유저입장] 손님6015(guest__AkLVGn6jXsRe6iYsxVZMkXYHvByzKwBp, IP: ::1) (현재 1명)
[2026. 9. 30. 오전 12:56:05] [유저퇴장] 손님6015(guest__AkLVGn6jXsRe6iYsxVZMkXYHvByzKwBp, IP: ::1) (현재 0명)
[2026. 9. 30. 오전 12:56:06] [유저입장] 손님6015(guest__AkLVGn6jXsRe6iYsxVZMkXYHvByzKwBp, IP: ::1) (현재 1명)
[2026. 9. 30. 오전 12:56:16] [유저퇴장] 손님6015(guest__AkLVGn6jXsRe6iYsxVZMkXYHvByzKwBp, IP: ::1) (현재 0명)
[2026. 9. 30. 오전 12:56:17] [유저입장] 손님6015(guest__AkLVGn6jXsRe6iYsxVZMkXYHvByzKwBp, IP: ::1) (현재 1명)
[2026. 9. 30. 오전 12:56:27] [유저퇴장] 손님6015(guest__AkLVGn6jXsRe6iYsxVZMkXYHvByzKwBp, IP: ::1) (현재 0명)
[2026. 9. 30. 오전 12:56:28] [유저입장] 손님6015(guest__AkLVGn6jXsRe6iYsxVZMkXYHvByzKwBp, IP: ::1) (현재 1명)
[2026. 9. 30. 오전 1:04:12] [방생성] 105번 방: 손님6015님의 방
[2026. 9. 30. 오전 1:04:12] [방입장] 손님6015 → 105번 방
[2026. 9. 30. 오전 1:04:31] [게임시작] 105번 방
[2026. 9. 30. 오전 1:05:11] [방삭제] 105번 방
[2026. 9. 30. 오전 1:05:11] [방퇴장] 손님6015 ← 105번 방 (normal)
[2026. 9. 30. 오전 1:05:12] [유저퇴장] 손님6015(guest__AkLVGn6jXsRe6iYsxVZMkXYHvByzKwBp, IP: ::1) (현재 0명)
[2026. 9. 30. 오전 1:05:13] [유저입장] 손님6015(guest__AkLVGn6jXsRe6iYsxVZMkXYHvByzKwBp, IP: ::1) (현재 1명)
[2026. 9. 30. 오전 1:05:21] [방생성] 106번 방: 손님6015님의 방
[2026. 9. 30. 오전 1:05:21] [방입장] 손님6015 → 106번 방
[2026. 9. 30. 오전 1:05:27] [게임시작] 106번 방
[2026. 9. 30. 오전 1:05:43] [방삭제] 106번 방
[2026. 9. 30. 오전 1:05:43] [방퇴장] 손님6015 ← 106번 방 (normal)
[2026. 9. 30. 오후 9:18:05] [유저입장] 손님9249(guest__91iTmE5vj9wWYydI71W53ylkbbBQ_0Ad, IP: ::1) (현재 1명)
[2026. 9. 30. 오후 9:18:18] [방생성] 100번 방: 손님9249님의 방
[2026. 9. 30. 오후 9:18:18] [방입장] 손님9249 → 100번 방
[2026. 9. 30. 오후 9:18:26] [게임시작] 100번 방
[2026. 9. 30. 오후 9:18:49] [채팅|100번 방] 손님9249: gjr
[2026. 9. 30. 오후 9:18:53] [채팅|100번 방] 손님9249: 나아니지?
[2026. 9. 30. 오후 9:19:18] [채팅|100번 방] 손님9249: 한방은
[2026. 9. 30. 오후 9:19:19] [채팅|100번 방] 손님9249: 누가쓰려나
[2026. 9. 30. 오후 9:19:37] [채팅|100번 방] 손님9249: 헉
[2026. 9. 30. 오후 9:19:43] [라운드종료] 100번 방 (1/5) 말죽거리잠옷사: 파양축 > 누구나비닐은있다: 축대 > 나일론머스크: 대기욕 > EF손아파: 욕감태기 > 장클로드분당: 기침 > 하츠네미꾸라지: 침강 > 남녀칠세부동산: 강떼 > 손님9249: 떼쟁이 > 나는야끄투봇: 이오 > 백마타고온환자: 오개국재무장관회의 > 귀신이고칼로리: 의결구천 > 출산드라블록: 천공 > 말죽거리잠옷사: 공산청년동맹 > 누구나비닐은있다: 맹세 > 나일론머스크: 세구년심 > EF손아파: 심샹이 > 장클로드분당: 이터븀 > 하츠네미꾸라지 입력 실패
[2026. 9. 30. 오후 9:19:48] [방삭제] 100번 방
[2026. 9. 30. 오후 9:19:48] [방퇴장] 손님9249 ← 100번 방 (normal)
[2026. 9. 30. 오후 9:20:29] [유저입장] 자고싶어요ㅠㅠ(discord-952532031928152104) (현재 2명)
[2026. 9. 30. 오후 9:20:29] [유저퇴장] 손님9249(guest__91iTmE5vj9wWYydI71W53ylkbbBQ_0Ad, IP: ::1) (현재 1명)
[2026. 9. 30. 오후 9:20:52] [유저입장] 자고싶어요ㅠㅠ(discord-952532031928152104) (현재 1명)
[2026. 9. 30. 오후 9:21:20] [유저퇴장] 자고싶어요ㅠㅠ(discord-952532031928152104) (현재 0명)
[2026. 9. 30. 오후 10:01:25] [유저입장] 자고싶어요ㅠㅠ(discord-952532031928152104) (현재 1명)
[2026. 9. 30. 오후 10:02:24] [유저퇴장] 자고싶어요ㅠㅠ(discord-952532031928152104) (현재 0명)
[2026. 9. 30. 오후 10:02:26] [유저입장] 자고싶어요ㅠㅠ(discord-952532031928152104) (현재 1명)
[2026. 9. 30. 오후 10:03:12] [유저퇴장] 자고싶어요ㅠㅠ(discord-952532031928152104) (현재 0명)
[2026. 9. 30. 오후 10:03:13] [유저입장] 자고싶어요ㅠㅠ(discord-952532031928152104) (현재 1명)
[2026. 9. 30. 오후 10:05:27] [유저입장] sn76489(discord-963802217285050429) (현재 2명)
[2026. 9. 30. 오후 10:06:16] [유저퇴장] 토루(discord-963802217285050429) (현재 1명)
[2026. 9. 30. 오후 10:06:36] [유저입장] 손님1855(guest__AJ5JSMYq9Chdod6wMryqg6FwNO7td-1l, IP: ::ffff:192.168.219.151) (현재 2명)
[2026. 9. 30. 오후 10:07:53] [유저퇴장] 손님1855(guest__AJ5JSMYq9Chdod6wMryqg6FwNO7td-1l, IP: ::ffff:192.168.219.151) (현재 1명)
[2026. 9. 30. 오후 10:07:55] [유저입장] 손님1855(guest__AJ5JSMYq9Chdod6wMryqg6FwNO7td-1l, IP: ::ffff:192.168.219.151) (현재 2명)
[2026. 9. 30. 오후 10:08:17] [유저퇴장] 손님1855(guest__AJ5JSMYq9Chdod6wMryqg6FwNO7td-1l, IP: ::ffff:192.168.219.151) (현재 1명)
[2026. 9. 30. 오후 10:17:53] [유저입장] 토루(discord-963802217285050429) (현재 2명)
[2026. 9. 30. 오후 10:18:06] [유저퇴장] 튜리(discord-952532031928152104) (현재 1명)
[2026. 9. 30. 오후 10:18:06] [유저입장] 튜리(discord-952532031928152104) (현재 2명)
[2026. 9. 30. 오후 10:18:07] [유저퇴장] 토루(discord-963802217285050429) (현재 1명)
[2026. 9. 30. 오후 10:18:08] [유저입장] 토루(discord-963802217285050429) (현재 2명)
[2026. 9. 30. 오후 10:23:51] [방생성] 101번 방: 튜리님의 방
[2026. 9. 30. 오후 10:23:51] [방입장] 튜리 → 101번 방
[2026. 9. 30. 오후 10:23:52] [방삭제] 101번 방
[2026. 9. 30. 오후 10:23:52] [방퇴장] 튜리 ← 101번 방 (normal)
[2026. 9. 30. 오후 10:29:02] [유저퇴장] 토리(discord-963802217285050429) (현재 1명)
[2026. 9. 30. 오후 10:54:35] [유저퇴장] 튜리(discord-952532031928152104) (현재 0명)
[2026. 9. 30. 오후 11:38:28] [유저입장] 튜리(discord-952532031928152104) (현재 1명)
[2026. 9. 30. 오후 11:50:15] [유저입장] 토리(discord-963802217285050429) (현재 2명)
[2026. 9. 30. 오후 11:51:43] [유저퇴장] 튜리(discord-952532031928152104) (현재 1명)
[2026. 9. 30. 오후 11:51:44] [유저입장] 튜리(discord-952532031928152104) (현재 2명)
[2026. 9. 30. 오후 11:52:08] [방생성] 102번 방: 안녕하세요~
[2026. 9. 30. 오후 11:52:08] [방입장] 튜리 → 102번 방
[2026. 9. 30. 오후 11:52:23] [방입장] 토리 → 102번 방
[2026. 9. 30. 오후 11:52:43] [봇설정변경] 102번 방: 톰과젤리
[2026. 9. 30. 오후 11:52:46] [게임시작] 102번 방
[2026. 9. 30. 오후 11:52:56] [방퇴장] 튜리 ← 102번 방 (normal)
[2026. 9. 30. 오후 11:52:56] [라운드종료] 102번 방 (1/5) 톰과젤리: 싸락이눈
[2026. 9. 30. 오후 11:52:56] [게임종료] 102번 방 1위 토리: 0점
[2026. 9. 30. 오후 11:53:01] [방삭제] 102번 방
[2026. 9. 30. 오후 11:53:01] [방퇴장] 토리 ← 102번 방 (normal)
[2026. 9. 30. 오후 11:53:08] [유저퇴장] 튜리(discord-952532031928152104) (현재 1명)
[2026. 9. 30. 오후 11:53:09] [유저입장] 튜리(discord-952532031928152104) (현재 2명)
[2026. 9. 30. 오후 11:53:42] [방생성] 103번 방: 아무나 들어오세요~
[2026. 9. 30. 오후 11:53:42] [방입장] 튜리 → 103번 방
[2026. 9. 30. 오후 11:53:50] [방입장] 토리 → 103번 방
[2026. 9. 30. 오후 11:54:02] [봇설정변경] 103번 방: 태정태세문단속
[2026. 9. 30. 오후 11:54:09] [게임시작] 103번 방
[2026. 9. 30. 오후 11:54:17] [게임종료] 103번 방 1위 토리: 0점
[2026. 9. 30. 오후 11:54:17] [방퇴장] 튜리 ← 103번 방 (normal)
[2026. 9. 30. 오후 11:54:19] [방입장] 튜리 → 103번 방
[2026. 9. 30. 오후 11:55:26] [방퇴장] 튜리 ← 103번 방 (normal)
[2026. 10. 1. 오전 12:01:10] [방생성] 104번 방: 아무나 들어오세요~
[2026. 10. 1. 오전 12:01:10] [방입장] 튜리 → 104번 방
[2026. 10. 1. 오전 12:01:12] [게임시작] 1104번 방
[2026. 10. 1. 오전 12:01:34] [라운드종료] 1104번 방 (1/5) 내이름은고난시련이죠: ほおむいんぷるうぶめんと > 튜리 입력 실패
[2026. 10. 1. 오전 12:01:50] [방설정변경] 104번 방: 아무나 들어오세요~
[2026. 10. 1. 오전 12:01:54] [게임시작] 1104번 방
[2026. 10. 1. 오전 12:02:02] [채팅|104번 방] 튜리: せっくすしたいよ
[2026. 10. 1. 오전 12:02:12] [채팅|104번 방] 튜리: あん
[2026. 10. 1. 오전 12:02:14] [채팅|104번 방] 튜리: ぎもちいい
[2026. 10. 1. 오전 12:02:26] [채팅|104번 방] 튜리: tlqkfn
[2026. 10. 1. 오전 12:02:29] [채팅|104번 방] 튜리: tlqkfn
[2026. 10. 1. 오전 12:04:19] [방삭제] 103번 방
[2026. 10. 1. 오전 12:11:52] [방입장] 토리 → 104번 방
[2026. 10. 1. 오전 12:11:53] [방퇴장] 토리 ← 104번 방 (normal)
[2026. 10. 1. 오전 12:11:54] [유저퇴장] 토리(discord-963802217285050429) (현재 1명)
[2026. 10. 1. 오전 12:12:03] [방삭제] 104번 방
[2026. 10. 1. 오전 12:12:03] [방퇴장] 튜리 ← 104번 방 (normal)
[2026. 10. 1. 오전 12:13:42] [방생성] 105번 방: 아무나 들어오세요~
[2026. 10. 1. 오전 12:13:42] [방입장] 튜리 → 105번 방
[2026. 10. 1. 오전 12:13:45] [게임시작] 1105번 방
[2026. 10. 1. 오전 12:13:49] [채팅|105번 방] 튜리: ㅁㄴㅇㄹ
[2026. 10. 1. 오전 12:15:23] [채팅|105번 방] 튜리: w
[2026. 10. 1. 오전 12:15:35] [채팅|105번 방] 튜리: w
[2026. 10. 1. 오전 12:15:53] [채팅|105번 방] 튜리: 128
[2026. 10. 1. 오전 12:16:09] [채팅|105번 방] 튜리: 138
[2026. 10. 1. 오전 12:16:09] [채팅|105번 방] 튜리: 148
[2026. 10. 1. 오전 12:16:17] [채팅|1105번 방] [봇]남녀칠세부동산: 아이고...
[2026. 10. 1. 오전 12:16:17] [채팅|105번 방] 튜리: Tlqkf
[2026. 10. 1. 오전 12:16:19] [라운드종료] 1105번 방 (1/5) 남녀칠세부동산: 1 > 튜리: 2 > 남녀칠세부동산: 3 > 튜리: 4 > 남녀칠세부동산: 5 > 튜리: 6 > 남녀칠세부동산: 7 > 튜리: 8 > 남녀칠세부동산: 9 > 튜리: 10 > 남녀칠세부동산: 11 > 튜리: 12 > 남녀칠세부동산: 13 > 튜리: 14 > 남녀칠세부동산: 15 > 튜리: 16 > 남녀칠세부동산: 17 > 튜리: 18 > 남녀칠세부동산: 19 > 튜리: 20 > 남녀칠세부동산: 21 > 튜리: 22 > 남녀칠세부동산: 23 > 튜리: 24 > 남녀칠세부동산: 25 > 튜리: 26 > 남녀칠세부동산: 27 > 튜리: 28 > 남녀칠세부동산: 29 > 튜리: 30 > 남녀칠세부동산: 31 > 튜리: 32 > 남녀칠세부동산: 33 > 튜리: 34 > 남녀칠세부동산: 35 > 튜리: 36 > 남녀칠세부동산: 37 > 튜리: 38 > 남녀칠세부동산: 39 > 튜리: 40 > 남녀칠세부동산: 41 > 튜리: 42 > 남녀칠세부동산: 43 > 튜리: 44 > 남녀칠세부동산: 45 > 튜리: 46 > 남녀칠세부동산: 47 > 튜리: 48 > 남녀칠세부동산: 49 > 튜리: 50 > 남녀칠세부동산: 51 > 튜리: 52 > 남녀칠세부동산: 53 > 튜리: 54 > 남녀칠세부동산: 55 > 튜리: 56 > 남녀칠세부동산: 57 > 튜리: 58 > 남녀칠세부동산: 59 > 튜리: 60 > 남녀칠세부동산: 61 > 튜리: 62 > 남녀칠세부동산: 63 > 튜리: 64 > 남녀칠세부동산: 65 > 튜리: 66 > 남녀칠세부동산: 67 > 튜리: 68 > 남녀칠세부동산: 69 > 튜리: 70 > 남녀칠세부동산: 71 > 튜리: 72 > 남녀칠세부동산: 73 > 튜리: 74 > 남녀칠세부동산: 75 > 튜리: 76 > 남녀칠세부동산: 77 > 튜리: 78 > 남녀칠세부동산: 79 > 튜리: 80 > 남녀칠세부동산: 81 > 튜리: 82 > 남녀칠세부동산: 83 > 튜리: 84 > 남녀칠세부동산: 85 > 튜리: 86 > 남녀칠세부동산: 87 > 튜리: 88 > 남녀칠세부동산: 89 > 튜리: 90 > 남녀칠세부동산: 91 > 튜리: 92 > 남녀칠세부동산: 93 > 튜리: 94 > 남녀칠세부동산: 95 > 튜리: 96 > 남녀칠세부동산: 97 > 튜리: 98 > 남녀칠세부동산: 99 > 튜리: 100 > 남녀칠세부동산: 101 > 튜리: 102 > 남녀칠세부동산: 103 > 튜리: 104 > 남녀칠세부동산: 105 > 튜리: 106 > 남녀칠세부동산: 107 > 튜리: 108 > 남녀칠세부동산: 109 > 튜리: 110 > 남녀칠세부동산: 111 > 튜리: 112 > 남녀칠세부동산: 113 > 튜리: 114 > 남녀칠세부동산: 115 > 튜리: 116 > 남녀칠세부동산: 117 > 튜리: 118 > 남녀칠세부동산: 119 > 튜리: 120 > 남녀칠세부동산: 121 > 튜리: 122 > 남녀칠세부동산: 123 > 튜리: 124 > 남녀칠세부동산: 125 > 튜리: 126 > 남녀칠세부동산: 127 > 튜리: 128 > 남녀칠세부동산: 129 > 튜리: 130 > 남녀칠세부동산: 131 > 튜리: 132 > 남녀칠세부동산: 133 > 튜리: 134 > 남녀칠세부동산: 135 > 튜리: 136 > 남녀칠세부동산: 137 > 튜리: 138 > 남녀칠세부동산: 139 > 튜리: 140 > 남녀칠세부동산: 141 > 튜리: 142 > 남녀칠세부동산: 143 > 튜리: 144 > 남녀칠세부동산: 145 > 튜리: 146 > 남녀칠세부동산: 147 > 튜리: 148 > 남녀칠세부동산: 149 > 튜리: 150 > 남녀칠세부동산: 151 > 튜리: 152 > 남녀칠세부동산: 153 > 튜리 입력 실패
[2026. 10. 1. 오전 12:18:55] [방삭제] 105번 방
[2026. 10. 1. 오전 12:18:55] [방퇴장] 튜리 ← 105번 방 (normal)
[2026. 10. 1. 오전 12:49:36] [유저퇴장] 튜리(discord-952532031928152104) (현재 0명)
[2026. 10. 1. 오전 12:58:03] [유저입장] 튜리(discord-952532031928152104) (현재 1명)
