[2026-06-21T14:13:14.076Z] [slave:2084] 모니터 시작 (pid=4524)
[2026-06-21T14:13:14.051Z] [slave:2083] 모니터 시작 (pid=12148)
[2026-06-21T14:13:14.308Z] [slave:2085] 모니터 시작 (pid=8860)
[2026-06-21T14:13:15.965Z] WARN [slave:2085] 이벤트 루프 랙: 659ms
[2026-06-21T14:13:16.671Z] WARN [slave:2084] 이벤트 루프 랙: 529ms
[2026-06-21T14:13:18.907Z] WARN [slave:2085] 이벤트 루프 랙: 832ms
[2026-06-21T14:13:18.175Z] WARN [slave:2083] 이벤트 루프 랙: 962ms
[2026-06-21T14:13:19.103Z] CRIT [slave:2084] 이벤트 루프 심각 랙: 1431ms
[2026-06-21T14:13:25.840Z] [master:0] 모니터 시작 (pid=3720)
[2026-06-21T14:13:27.190Z] WARN [master:0] 이벤트 루프 랙: 350ms
[2026-06-21T14:13:28.919Z] WARN [master:0] 이벤트 루프 랙: 729ms
[2026-06-21T14:13:44.059Z] [slave:2083] heap=36.0MB rss=88.1MB maxLag=962ms users=0 rooms=0
[2026-06-21T14:13:44.090Z] [slave:2084] heap=36.1MB rss=86.9MB maxLag=1431ms users=0 rooms=0
[2026-06-21T14:13:44.313Z] [slave:2085] heap=36.1MB rss=87.0MB maxLag=832ms users=0 rooms=0
[2026-06-21T14:13:55.855Z] [master:0] heap=47.6MB rss=104.1MB maxLag=729ms users=0 rooms=0
[2026-06-21T14:14:14.069Z] [slave:2083] heap=36.1MB rss=88.2MB maxLag=17ms users=0 rooms=0
[2026-06-21T14:14:14.101Z] [slave:2084] heap=36.1MB rss=87.0MB maxLag=17ms users=0 rooms=0
[2026-06-21T14:14:14.313Z] [slave:2085] heap=36.1MB rss=87.1MB maxLag=17ms users=0 rooms=0
[2026-06-21T14:14:25.871Z] [master:0] heap=48.1MB rss=104.7MB maxLag=17ms users=1 rooms=1
[2026-06-21T14:14:44.078Z] [slave:2083] heap=37.2MB rss=91.2MB maxLag=15ms users=1 rooms=1
[2026-06-21T14:14:44.111Z] [slave:2084] heap=36.4MB rss=87.2MB maxLag=16ms users=0 rooms=0
[2026-06-21T14:14:44.323Z] [slave:2085] heap=36.4MB rss=87.3MB maxLag=16ms users=0 rooms=0
[2026-06-21T14:14:55.874Z] [master:0] heap=48.5MB rss=105.2MB maxLag=15ms users=1 rooms=1
[2026-06-21T14:15:14.079Z] [slave:2083] heap=37.5MB rss=91.5MB maxLag=15ms users=1 rooms=1
[2026-06-21T14:15:14.112Z] [slave:2084] heap=36.4MB rss=87.4MB maxLag=15ms users=0 rooms=0
[2026-06-21T14:15:14.335Z] [slave:2085] heap=36.4MB rss=87.5MB maxLag=15ms users=0 rooms=0
[2026-06-21T14:15:25.877Z] [master:0] heap=48.7MB rss=105.2MB maxLag=17ms users=1 rooms=1
[2026-06-21T14:15:44.084Z] [slave:2083] heap=37.4MB rss=91.7MB maxLag=17ms users=1 rooms=1
[2026-06-21T14:15:44.117Z] [slave:2084] heap=36.5MB rss=87.4MB maxLag=17ms users=0 rooms=0
[2026-06-21T14:15:44.346Z] [slave:2085] heap=36.5MB rss=87.6MB maxLag=17ms users=0 rooms=0
[2026-06-21T14:15:55.889Z] [master:0] heap=48.0MB rss=105.5MB maxLag=16ms users=1 rooms=1
[2026-06-21T14:16:14.086Z] [slave:2083] heap=37.5MB rss=91.7MB maxLag=16ms users=1 rooms=1
[2026-06-21T14:16:14.117Z] [slave:2084] heap=36.5MB rss=87.4MB maxLag=17ms users=0 rooms=0
[2026-06-21T14:16:14.356Z] [slave:2085] heap=36.5MB rss=87.6MB maxLag=17ms users=0 rooms=0
[2026-06-21T14:17:24.432Z] [slave:2085] 모니터 시작 (pid=6248)
[2026-06-21T14:17:24.488Z] [slave:2083] 모니터 시작 (pid=8988)
[2026-06-21T14:17:24.527Z] [slave:2084] 모니터 시작 (pid=1048)
[2026-06-21T14:17:26.141Z] WARN [slave:2083] 이벤트 루프 랙: 652ms
[2026-06-21T14:17:27.001Z] WARN [slave:2084] 이벤트 루프 랙: 414ms
[2026-06-21T14:17:27.272Z] WARN [slave:2085] 이벤트 루프 랙: 733ms
[2026-06-21T14:17:29.425Z] CRIT [slave:2085] 이벤트 루프 심각 랙: 1153ms
[2026-06-21T14:17:28.919Z] WARN [slave:2083] 이벤트 루프 랙: 653ms
[2026-06-21T14:17:30.413Z] WARN [slave:2083] 이벤트 루프 랙: 495ms
[2026-06-21T14:17:30.476Z] CRIT [slave:2084] 이벤트 루프 심각 랙: 1248ms
[2026-06-21T14:17:34.932Z] [master:0] 모니터 시작 (pid=1364)
[2026-06-21T14:17:54.433Z] [slave:2085] heap=36.0MB rss=87.1MB maxLag=1153ms users=0 rooms=0
[2026-06-21T14:17:54.493Z] [slave:2083] heap=36.0MB rss=87.7MB maxLag=653ms users=0 rooms=0
[2026-06-21T14:17:54.540Z] [slave:2084] heap=36.0MB rss=86.8MB maxLag=1248ms users=0 rooms=0
[2026-06-21T14:18:04.947Z] [master:0] heap=47.7MB rss=103.8MB maxLag=162ms users=0 rooms=0
[2026-06-21T14:18:24.448Z] [slave:2085] heap=36.1MB rss=87.2MB maxLag=16ms users=0 rooms=0
[2026-06-21T14:18:24.497Z] [slave:2083] heap=36.1MB rss=87.8MB maxLag=16ms users=0 rooms=0
[2026-06-21T14:18:24.542Z] [slave:2084] heap=36.0MB rss=86.9MB maxLag=16ms users=0 rooms=0
[2026-06-21T14:18:34.948Z] [master:0] heap=47.7MB rss=103.8MB maxLag=13ms users=0 rooms=0
[2026-06-21T14:18:54.454Z] [slave:2085] heap=36.4MB rss=87.4MB maxLag=16ms users=0 rooms=0
[2026-06-21T14:18:54.505Z] [slave:2083] heap=36.4MB rss=88.0MB maxLag=16ms users=0 rooms=0
[2026-06-21T14:18:54.542Z] [slave:2084] heap=36.3MB rss=87.0MB maxLag=15ms users=0 rooms=0
[2026-06-21T14:19:04.949Z] [master:0] heap=48.1MB rss=104.3MB maxLag=15ms users=0 rooms=0
[2026-06-21T14:19:24.460Z] [slave:2085] heap=36.4MB rss=87.6MB maxLag=16ms users=0 rooms=0
[2026-06-21T14:19:24.510Z] [slave:2083] heap=36.4MB rss=88.3MB maxLag=16ms users=0 rooms=0
[2026-06-21T14:19:24.543Z] [slave:2084] heap=36.4MB rss=87.2MB maxLag=16ms users=0 rooms=0
[2026-06-21T14:19:34.953Z] [master:0] heap=48.5MB rss=104.7MB maxLag=17ms users=1 rooms=0
[2026-06-21T14:19:54.466Z] [slave:2085] heap=36.4MB rss=87.6MB maxLag=15ms users=0 rooms=0
[2026-06-21T14:19:54.518Z] [slave:2083] heap=36.5MB rss=88.3MB maxLag=17ms users=0 rooms=0
[2026-06-21T14:19:54.543Z] [slave:2084] heap=36.4MB rss=87.3MB maxLag=17ms users=0 rooms=0
[2026-06-21T14:20:04.962Z] [master:0] heap=48.1MB rss=105.1MB maxLag=21ms users=1 rooms=1
[2026-06-21T14:20:24.477Z] [slave:2085] heap=36.5MB rss=87.6MB maxLag=16ms users=0 rooms=0
[2026-06-21T14:20:24.518Z] [slave:2083] heap=37.1MB rss=90.5MB maxLag=16ms users=1 rooms=1
[2026-06-21T14:20:24.551Z] [slave:2084] heap=36.4MB rss=87.3MB maxLag=15ms users=0 rooms=0
[2026-06-21T14:20:34.964Z] [master:0] heap=48.3MB rss=105.2MB maxLag=16ms users=1 rooms=1
[2026-06-21T14:20:54.484Z] [slave:2085] heap=36.5MB rss=87.7MB maxLag=16ms users=0 rooms=0
[2026-06-21T14:20:54.519Z] [slave:2083] heap=37.7MB rss=91.6MB maxLag=15ms users=1 rooms=1
[2026-06-21T14:20:54.551Z] [slave:2084] heap=36.5MB rss=87.4MB maxLag=16ms users=0 rooms=0
[2026-06-21T14:21:04.965Z] [master:0] heap=48.3MB rss=105.3MB maxLag=15ms users=1 rooms=1
[2026-06-21T14:21:24.485Z] [slave:2085] heap=36.5MB rss=87.7MB maxLag=16ms users=0 rooms=0
[2026-06-21T14:21:24.534Z] [slave:2083] heap=37.8MB rss=92.0MB maxLag=16ms users=1 rooms=1
[2026-06-21T14:21:24.567Z] [slave:2084] heap=36.5MB rss=87.4MB maxLag=17ms users=0 rooms=0
[2026-06-21T14:21:34.977Z] [master:0] heap=48.4MB rss=105.3MB maxLag=16ms users=1 rooms=1
[2026-06-21T14:21:54.497Z] [slave:2085] heap=36.6MB rss=87.7MB maxLag=25ms users=0 rooms=0
[2026-06-21T14:21:54.535Z] [slave:2083] heap=38.3MB rss=92.1MB maxLag=16ms users=1 rooms=1
[2026-06-21T14:21:54.568Z] [slave:2084] heap=36.5MB rss=87.4MB maxLag=18ms users=0 rooms=0
[2026-06-21T14:22:04.986Z] [master:0] heap=48.5MB rss=105.4MB maxLag=23ms users=1 rooms=1
[2026-06-21T14:22:24.503Z] [slave:2085] heap=36.6MB rss=88.0MB maxLag=31ms users=0 rooms=0
[2026-06-21T14:22:24.536Z] [slave:2083] heap=38.4MB rss=92.3MB maxLag=16ms users=1 rooms=1
[2026-06-21T14:22:24.568Z] [slave:2084] heap=36.6MB rss=87.7MB maxLag=16ms users=0 rooms=0
[2026-06-21T14:22:34.986Z] [master:0] heap=48.7MB rss=105.8MB maxLag=15ms users=2 rooms=1
[2026-06-21T14:22:54.504Z] [slave:2085] heap=36.7MB rss=88.0MB maxLag=15ms users=0 rooms=0
[2026-06-21T14:22:54.536Z] [slave:2083] heap=38.0MB rss=92.5MB maxLag=16ms users=1 rooms=1
[2026-06-21T14:22:54.569Z] [slave:2084] heap=36.6MB rss=87.7MB maxLag=16ms users=0 rooms=0
[2026-06-21T14:23:04.987Z] [master:0] heap=48.8MB rss=106.0MB maxLag=15ms users=2 rooms=0
[2026-06-21T14:23:24.513Z] [slave:2085] heap=36.7MB rss=88.0MB maxLag=16ms users=0 rooms=0
[2026-06-21T14:23:24.536Z] [slave:2083] heap=38.1MB rss=91.4MB maxLag=16ms users=0 rooms=0
[2026-06-21T14:23:24.578Z] [slave:2084] heap=36.6MB rss=87.7MB maxLag=15ms users=0 rooms=0
[2026-06-21T14:23:35.001Z] [master:0] heap=48.3MB rss=106.7MB maxLag=16ms users=2 rooms=1
[2026-06-21T14:23:54.514Z] [slave:2085] heap=36.7MB rss=88.1MB maxLag=15ms users=0 rooms=0
[2026-06-21T14:23:54.547Z] [slave:2083] heap=38.2MB rss=91.5MB maxLag=15ms users=1 rooms=1
[2026-06-21T14:23:54.590Z] [slave:2084] heap=36.7MB rss=87.8MB maxLag=17ms users=0 rooms=0
[2026-06-21T14:24:05.016Z] [master:0] heap=48.5MB rss=106.8MB maxLag=16ms users=1 rooms=0
[2026-06-21T14:24:24.515Z] [slave:2085] heap=36.7MB rss=88.0MB maxLag=16ms users=0 rooms=0
[2026-06-21T14:24:24.553Z] [slave:2083] heap=38.3MB rss=91.5MB maxLag=16ms users=0 rooms=0
[2026-06-21T14:24:24.591Z] [slave:2084] heap=36.7MB rss=87.7MB maxLag=20ms users=0 rooms=0
[2026-06-21T14:24:35.016Z] [master:0] heap=48.5MB rss=106.7MB maxLag=17ms users=1 rooms=0
[2026-06-21T14:24:54.515Z] [slave:2085] heap=36.8MB rss=88.2MB maxLag=17ms users=0 rooms=0
[2026-06-21T14:24:54.565Z] [slave:2083] heap=38.3MB rss=91.3MB maxLag=17ms users=0 rooms=0
[2026-06-21T14:24:54.598Z] [slave:2084] heap=36.7MB rss=87.9MB maxLag=17ms users=0 rooms=0
[2026-06-21T14:25:05.030Z] [master:0] heap=48.6MB rss=106.7MB maxLag=16ms users=1 rooms=0
[2026-06-21T14:25:24.525Z] [slave:2085] heap=36.8MB rss=88.2MB maxLag=17ms users=0 rooms=0
[2026-06-21T14:25:24.575Z] [slave:2083] heap=38.3MB rss=91.3MB maxLag=16ms users=0 rooms=0
[2026-06-21T14:25:24.598Z] [slave:2084] heap=36.7MB rss=87.9MB maxLag=16ms users=0 rooms=0
[2026-06-21T14:25:35.030Z] [master:0] heap=48.6MB rss=106.7MB maxLag=16ms users=1 rooms=0
[2026-06-21T14:25:54.535Z] [slave:2085] heap=36.8MB rss=88.3MB maxLag=16ms users=0 rooms=0
[2026-06-21T14:25:54.585Z] [slave:2083] heap=38.4MB rss=91.4MB maxLag=17ms users=0 rooms=0
[2026-06-21T14:25:54.602Z] [slave:2084] heap=36.8MB rss=88.0MB maxLag=16ms users=0 rooms=0
[2026-06-21T14:26:05.042Z] [master:0] heap=48.7MB rss=106.7MB maxLag=16ms users=1 rooms=0
[2026-06-21T14:26:24.536Z] [slave:2085] heap=36.8MB rss=88.3MB maxLag=16ms users=0 rooms=0
[2026-06-21T14:26:24.597Z] [slave:2083] heap=38.4MB rss=91.4MB maxLag=16ms users=0 rooms=0
[2026-06-21T14:26:24.614Z] [slave:2084] heap=36.8MB rss=88.0MB maxLag=17ms users=0 rooms=0
[2026-06-21T14:26:35.042Z] [master:0] heap=48.8MB rss=106.7MB maxLag=16ms users=1 rooms=0
[2026-06-21T14:26:54.536Z] [slave:2085] heap=36.9MB rss=88.3MB maxLag=17ms users=0 rooms=0
[2026-06-21T14:26:54.597Z] [slave:2083] heap=38.4MB rss=91.4MB maxLag=16ms users=0 rooms=0
[2026-06-21T14:26:54.614Z] [slave:2084] heap=36.8MB rss=88.0MB maxLag=15ms users=0 rooms=0
[2026-06-21T14:27:05.046Z] [master:0] heap=48.8MB rss=106.7MB maxLag=16ms users=1 rooms=0
[2026-06-21T14:27:24.543Z] [slave:2085] heap=36.9MB rss=88.3MB maxLag=16ms users=0 rooms=0
[2026-06-21T14:27:24.604Z] [slave:2083] heap=38.5MB rss=91.5MB maxLag=16ms users=0 rooms=0
[2026-06-21T14:27:24.621Z] [slave:2084] heap=36.8MB rss=88.0MB maxLag=15ms users=0 rooms=0
[2026-06-21T14:27:35.056Z] [master:0] heap=48.9MB rss=106.8MB maxLag=16ms users=1 rooms=0
[2026-06-21T14:27:54.547Z] [slave:2085] heap=36.9MB rss=88.4MB maxLag=16ms users=0 rooms=0
[2026-06-21T14:27:54.605Z] [slave:2083] heap=38.5MB rss=91.8MB maxLag=17ms users=0 rooms=0
[2026-06-21T14:27:54.622Z] [slave:2084] heap=36.9MB rss=88.1MB maxLag=16ms users=0 rooms=0
[2026-06-21T14:28:05.057Z] [master:0] heap=48.9MB rss=106.8MB maxLag=17ms users=1 rooms=0
[2026-06-21T14:28:24.559Z] [slave:2085] heap=36.9MB rss=88.4MB maxLag=15ms users=0 rooms=0
[2026-06-21T14:28:24.619Z] [slave:2083] heap=38.5MB rss=91.8MB maxLag=15ms users=0 rooms=0
[2026-06-21T14:28:24.635Z] [slave:2084] heap=36.9MB rss=88.1MB maxLag=15ms users=0 rooms=0
[2026-06-21T14:28:35.071Z] [master:0] heap=49.0MB rss=106.7MB maxLag=17ms users=1 rooms=0
[2026-06-21T14:28:54.567Z] [slave:2085] heap=36.9MB rss=88.4MB maxLag=61ms users=0 rooms=0
[2026-06-21T14:28:54.631Z] [slave:2083] heap=38.6MB rss=91.9MB maxLag=44ms users=0 rooms=0
[2026-06-21T14:28:54.649Z] [slave:2084] heap=36.9MB rss=88.1MB maxLag=47ms users=0 rooms=0
[2026-06-21T14:29:05.080Z] [master:0] heap=49.0MB rss=106.7MB maxLag=189ms users=1 rooms=0
[2026-06-21T14:29:24.579Z] [slave:2085] heap=37.0MB rss=88.4MB maxLag=16ms users=0 rooms=0
[2026-06-21T14:29:24.641Z] [slave:2083] heap=38.6MB rss=91.9MB maxLag=52ms users=0 rooms=0
[2026-06-21T14:29:24.656Z] [slave:2084] heap=36.9MB rss=88.1MB maxLag=19ms users=0 rooms=0
[2026-06-21T14:29:35.080Z] [master:0] heap=49.0MB rss=106.7MB maxLag=50ms users=1 rooms=0
[2026-06-21T14:29:54.580Z] [slave:2085] heap=37.0MB rss=88.4MB maxLag=15ms users=0 rooms=0
[2026-06-21T14:29:54.642Z] [slave:2083] heap=38.6MB rss=91.9MB maxLag=15ms users=0 rooms=0
[2026-06-21T14:29:54.659Z] [slave:2084] heap=37.0MB rss=88.1MB maxLag=15ms users=0 rooms=0
[2026-06-21T14:30:05.092Z] [master:0] heap=48.4MB rss=106.7MB maxLag=18ms users=1 rooms=0
[2026-06-21T14:30:24.592Z] [slave:2085] heap=37.0MB rss=88.4MB maxLag=16ms users=0 rooms=0
[2026-06-21T14:30:24.656Z] [slave:2083] heap=38.6MB rss=91.9MB maxLag=17ms users=0 rooms=0
[2026-06-21T14:30:24.671Z] [slave:2084] heap=37.0MB rss=88.1MB maxLag=16ms users=0 rooms=0
[2026-06-21T14:30:35.102Z] [master:0] heap=48.4MB rss=106.7MB maxLag=17ms users=1 rooms=0
[2026-06-21T14:30:54.600Z] [slave:2085] heap=36.3MB rss=87.6MB maxLag=16ms users=0 rooms=0
[2026-06-21T14:30:54.667Z] [slave:2083] heap=38.6MB rss=91.9MB maxLag=16ms users=0 rooms=0
[2026-06-21T14:30:54.687Z] [slave:2084] heap=36.2MB rss=88.2MB maxLag=16ms users=0 rooms=0
[2026-06-21T14:31:05.107Z] [master:0] heap=48.5MB rss=106.8MB maxLag=16ms users=1 rooms=0
[2026-06-21T14:31:24.612Z] [slave:2085] heap=36.3MB rss=87.6MB maxLag=16ms users=0 rooms=0
[2026-06-21T14:31:24.669Z] [slave:2083] heap=38.7MB rss=91.9MB maxLag=16ms users=0 rooms=0
[2026-06-21T14:31:24.701Z] [slave:2084] heap=36.2MB rss=88.2MB maxLag=16ms users=0 rooms=0
[2026-06-21T14:31:35.112Z] [master:0] heap=48.5MB rss=106.8MB maxLag=17ms users=1 rooms=0
